<?xml version="1.0" encoding="UTF-8"?>
<urlset xmlns="http://www.sitemaps.org/schemas/sitemap/0.9" xmlns:xhtml="http://www.w3.org/1999/xhtml" xmlns:image="http://www.google.com/schemas/sitemap-image/1.1">
  <url>
    <loc>http://localhost/home</loc>
    <lastmod>2015-12-31T00:00:00+00:00</lastmod>
    <changefreq>yearly</changefreq>
    <priority>0.1</priority>
    <image:image>
      <image:loc>/url/to/image.jpg</image:loc>
    </image:image>
    <image:image>
      <image:loc>/url/to/another-image.jpg</image:loc>
    </image:image>
  </url>
</urlset>
